// Vitest Snapshot v1, https://vitest.dev/guide/snapshot.html

exports[`cli > displays the correct help message > help-message 1`] = `
"
  Compare the size of two files easily ðŸ“Š

  Usage
    $ compare-size <file> <file>

  Example
    $ compare-size foo.zip bar.tar.gz
    foo.zip: 1.34 kB
    bar.tar.gz: 1 kB
    Difference: 0.34 kB
"
`;
